I'm sorry, but errors were detected in your script. Please correct the
errors listed below, and try again.


File "game/script.rpy", line 1012: expected statement.
    blemishPush = True
                ^

Ren'Py Version: Ren'Py 8.0.3.22090809
Sun Apr 30 18:27:21 2023
